{"tool":"phpunit","result":"failed","tests":10,"passed":8,"assertions":18,"duration_ms":610,"failed":1,"failures":[{"test":"Tests\\Feature\\TransactionTest::test_validated_transaction_amount_update_syncs_fund_balance","file":"/home/linux/Documents/STIKOM/PROJET/digital-village/tests/Feature/TransactionTest.php","line":176,"message":"Failed asserting that 150 matches expected 300."}],"errors":1,"error_details":[{"test":"Tests\\Feature\\TransactionTest::test_kelian_can_approve_transaction_and_update_fund","file":"/home/linux/Documents/STIKOM/PROJET/digital-village/tests/Feature/TransactionTest.php","line":265,"message":"SQLSTATE[23000]: Integrity constraint violation: 19 NOT NULL constraint failed: transactions.category_id (Connection: sqlite, Database: :memory:, SQL: insert into \"transactions\" (\"category_id\", \"fund_id\", \"user_id\", \"type\", \"amount\", \"date\", \"description\", \"validation_status\", \"updated_at\", \"created_at\") values (?, 1, 2, income, 50, 2026-06-22 06:46:46, Pending Income, pending, 2026-06-22 06:46:46, 2026-06-22 06:46:46))"}]}
